nohup: ignoring input

  .   ____          _            __ _ _
 /\\ / ___'_ __ _ _(_)_ __  __ _ \ \ \ \
( ( )\___ | '_ | '_| | '_ \/ _` | \ \ \ \
 \\/  ___)| |_)| | | | | || (_| |  ) ) ) )
  '  |____| .__|_| |_|_| |_\__, | / / / /
 =========|_|==============|___/=/_/_/_/

 :: Spring Boot ::               (v3.5.16)

2026-07-28T11:11:14.540Z  INFO 1681255 --- [pvtapp] [           main] com.freshm.pvtapp.PvtappApplication      : Starting PvtappApplication v0.0.1-SNAPSHOT using Java 21.0.11 with PID 1681255 (/root/freshm.online/pvtapp/build/libs/pvtapp-0.0.1-SNAPSHOT.jar started by root in /root/freshm.online/pvtapp)
2026-07-28T11:11:14.543Z  INFO 1681255 --- [pvtapp] [           main] com.freshm.pvtapp.PvtappApplication      : No active profile set, falling back to 1 default profile: "default"
2026-07-28T11:11:15.553Z  INFO 1681255 --- [pvtapp] [           main] .s.d.r.c.RepositoryConfigurationDelegate : Bootstrapping Spring Data JPA repositories in DEFAULT mode.
2026-07-28T11:11:15.630Z  INFO 1681255 --- [pvtapp] [           main] .s.d.r.c.RepositoryConfigurationDelegate : Finished Spring Data repository scanning in 69 ms. Found 13 JPA repository interfaces.
2026-07-28T11:11:16.233Z  INFO 1681255 --- [pvtapp] [           main] o.s.b.w.embedded.tomcat.TomcatWebServer  : Tomcat initialized with port 8083 (http)
2026-07-28T11:11:16.252Z  INFO 1681255 --- [pvtapp] [           main] o.apache.catalina.core.StandardService   : Starting service [Tomcat]
2026-07-28T11:11:16.252Z  INFO 1681255 --- [pvtapp] [           main] o.apache.catalina.core.StandardEngine    : Starting Servlet engine: [Apache Tomcat/10.1.55]
2026-07-28T11:11:16.286Z  INFO 1681255 --- [pvtapp] [           main] o.a.c.c.C.[Tomcat].[localhost].[/]       : Initializing Spring embedded WebApplicationContext
2026-07-28T11:11:16.287Z  INFO 1681255 --- [pvtapp] [           main] w.s.c.ServletWebServerApplicationContext : Root WebApplicationContext: initialization completed in 1691 ms
2026-07-28T11:11:16.438Z  INFO 1681255 --- [pvtapp] [           main] o.hibernate.jpa.internal.util.LogHelper  : HHH000204: Processing PersistenceUnitInfo [name: default]
2026-07-28T11:11:16.491Z  INFO 1681255 --- [pvtapp] [           main] org.hibernate.Version                    : HHH000412: Hibernate ORM core version 6.6.53.Final
2026-07-28T11:11:16.542Z  INFO 1681255 --- [pvtapp] [           main] o.h.c.internal.RegionFactoryInitiator    : HHH000026: Second-level cache disabled
2026-07-28T11:11:16.811Z  INFO 1681255 --- [pvtapp] [           main] o.s.o.j.p.SpringPersistenceUnitInfo      : No LoadTimeWeaver setup: ignoring JPA class transformer
2026-07-28T11:11:16.835Z  INFO 1681255 --- [pvtapp] [           main] com.zaxxer.hikari.HikariDataSource       : HikariPool-1 - Starting...
2026-07-28T11:11:16.980Z  INFO 1681255 --- [pvtapp] [           main] com.zaxxer.hikari.pool.HikariPool        : HikariPool-1 - Added connection com.mysql.cj.jdbc.ConnectionImpl@1d585fb
2026-07-28T11:11:16.982Z  INFO 1681255 --- [pvtapp] [           main] com.zaxxer.hikari.HikariDataSource       : HikariPool-1 - Start completed.
2026-07-28T11:11:17.032Z  WARN 1681255 --- [pvtapp] [           main] org.hibernate.orm.deprecation            : HHH90000025: MySQLDialect does not need to be specified explicitly using 'hibernate.dialect' (remove the property setting and it will be selected by default)
2026-07-28T11:11:17.050Z  INFO 1681255 --- [pvtapp] [           main] org.hibernate.orm.connections.pooling    : HHH10001005: Database info:
	Database JDBC URL [Connecting through datasource 'HikariDataSource (HikariPool-1)']
	Database driver: undefined/unknown
	Database version: 8.0.46
	Autocommit mode: undefined/unknown
	Isolation level: undefined/unknown
	Minimum pool size: undefined/unknown
	Maximum pool size: undefined/unknown
2026-07-28T11:11:18.304Z  INFO 1681255 --- [pvtapp] [           main] o.h.e.t.j.p.i.JtaPlatformInitiator       : HHH000489: No JTA platform available (set 'hibernate.transaction.jta.platform' to enable JTA platform integration)
Hibernate: alter table file_documents modify column document_type enum ('AADHAR','BANK_PASSBOOK','FARMER_AADHAR','FARMER_BANK_PASSBOOK','FARMER_PAN','FARMER_PHOTO','GST','OTHER','PAN','PHOTO','PURCHASE_INVOICE','VENDOR_AADHAR','VENDOR_BANK_PASSBOOK','VENDOR_PAN','VENDOR_PHOTO') not null
2026-07-28T11:11:18.528Z  INFO 1681255 --- [pvtapp] [           main] j.LocalContainerEntityManagerFactoryBean : Initialized JPA EntityManagerFactory for persistence unit 'default'
2026-07-28T11:11:18.780Z  INFO 1681255 --- [pvtapp] [           main] o.s.d.j.r.query.QueryEnhancerFactory     : Hibernate is in classpath; If applicable, HQL parser will be used.
2026-07-28T11:11:19.333Z  INFO 1681255 --- [pvtapp] [           main] r$InitializeUserDetailsManagerConfigurer : Global AuthenticationManager configured with UserDetailsService bean with name customUserDetailsService
2026-07-28T11:11:20.138Z  WARN 1681255 --- [pvtapp] [           main] ConfigServletWebServerApplicationContext : Exception encountered during context initialization - cancelling refresh attempt: org.springframework.context.ApplicationContextException: Failed to start bean 'webServerStartStop'
2026-07-28T11:11:20.142Z  INFO 1681255 --- [pvtapp] [           main] j.LocalContainerEntityManagerFactoryBean : Closing JPA EntityManagerFactory for persistence unit 'default'
2026-07-28T11:11:20.144Z  INFO 1681255 --- [pvtapp] [           main] com.zaxxer.hikari.HikariDataSource       : HikariPool-1 - Shutdown initiated...
2026-07-28T11:11:20.153Z  INFO 1681255 --- [pvtapp] [           main] com.zaxxer.hikari.HikariDataSource       : HikariPool-1 - Shutdown completed.
2026-07-28T11:11:20.163Z  INFO 1681255 --- [pvtapp] [           main] .s.b.a.l.ConditionEvaluationReportLogger : 

Error starting ApplicationContext. To display the condition evaluation report re-run your application with 'debug' enabled.
2026-07-28T11:11:20.179Z ERROR 1681255 --- [pvtapp] [           main] o.s.b.d.LoggingFailureAnalysisReporter   : 

***************************
APPLICATION FAILED TO START
***************************

Description:

Web server failed to start. Port 8083 was already in use.

Action:

Identify and stop the process that's listening on port 8083 or configure this application to listen on another port.

